{
    "cdhit-check-md5": {
        "content": [
            {
                "0": [
                    [
                        {
                            "id": "test",
                            "single_end": false
                        },
                        "test.fasta:md5,0d4dda84911f7ffa3237c82391160c45"
                    ]
                ],
                "1": [
                    [
                        {
                            "id": "test",
                            "single_end": false
                        },
                        "test.fasta.clstr:md5,07b5af3b377f05c6970e6f3d2bb75ef2"
                    ]
                ],
                "2": [
                    "versions.yml:md5,da26479f5546aa52cf2637bcdca47c03"
                ],
                "clusters": [
                    [
                        {
                            "id": "test",
                            "single_end": false
                        },
                        "test.fasta.clstr:md5,07b5af3b377f05c6970e6f3d2bb75ef2"
                    ]
                ],
                "fasta": [
                    [
                        {
                            "id": "test",
                            "single_end": false
                        },
                        "test.fasta:md5,0d4dda84911f7ffa3237c82391160c45"
                    ]
                ],
                "versions": [
                    "versions.yml:md5,da26479f5546aa52cf2637bcdca47c03"
                ]
            }
        ],
        "meta": {
            "nf-test": "0.8.4",
            "nextflow": "23.10.1"
        },
        "timestamp": "2023-11-28T12:32:46.725744"
    },
    "proteomics db yeast_ups": {
        "content": [
            {
                "0": [
                    [
                        {
                            "id": "test",
                            "single_end": false
                        },
                        "test.fasta:md5,0d4dda84911f7ffa3237c82391160c45"
                    ]
                ],
                "1": [
                    [
                        {
                            "id": "test",
                            "single_end": false
                        },
                        "test.fasta.clstr:md5,07b5af3b377f05c6970e6f3d2bb75ef2"
                    ]
                ],
                "2": [
                    "versions.yml:md5,da26479f5546aa52cf2637bcdca47c03"
                ],
                "clusters": [
                    [
                        {
                            "id": "test",
                            "single_end": false
                        },
                        "test.fasta.clstr:md5,07b5af3b377f05c6970e6f3d2bb75ef2"
                    ]
                ],
                "fasta": [
                    [
                        {
                            "id": "test",
                            "single_end": false
                        },
                        "test.fasta:md5,0d4dda84911f7ffa3237c82391160c45"
                    ]
                ],
                "versions": [
                    "versions.yml:md5,da26479f5546aa52cf2637bcdca47c03"
                ]
            }
        ],
        "meta": {
            "nf-test": "0.8.4",
            "nextflow": "23.10.1"
        },
        "timestamp": "2024-04-19T07:47:46.866235923"
    }
}
