{
    "rename": {
        "content": [
            {
                "0": [
                    
                ],
                "1": [
                    
                ],
                "renamed": [
                    
                ],
                "versions": [
                    
                ]
            }
        ],
        "meta": {
            "nf-test": "0.8.4",
            "nextflow": "23.10.1"
        },
        "timestamp": "2024-04-16T09:49:03.81881755"
    }
}